// Jest Snapshot v1, https://goo.gl/fbAQLP

exports[`Indecision Component should match with the snapshot 1`] = `
<!--v-if-->
<div class="bg-dark"></div>
<div class="indecision-container"><input type="text" placeholder="Hazme una pregunta">
  <p style="margin-top: 10px;"> Recuerda terminar con signo de interrogaci√≥n (?) </p>
  <!--v-if-->
</div>
`;
